// Jest Snapshot v1, https://goo.gl/fbAQLP

exports[`matches the snapshot 1`] = `
<View>
  <Text
    accessible={true}
    allowFontScaling={true}
    className="text-large container"
    ellipsizeMode="tail"
    style={
      Object {
        "color": "red",
        "fontSize": 24,
      }
    }
  >
    Hello
  </Text>
  <Text
    accessible={true}
    allowFontScaling={true}
    className="text-medium"
    ellipsizeMode="tail"
  >
    World
  </Text>
</View>
`;
